[16/05/2026 03:37:52 UTC] [INFO] [SYSTEM] BOOT: Server started on port 3001 (v1.0.0)
[16/05/2026 08:00:30 UTC] [INFO] [SYSTEM] BOOT: Server started on port 3001 (v1.0.0)
[16/05/2026 08:17:37 UTC] [INFO] [SYSTEM] BOOT: Server started on port 3001 (v1.0.0)
[16/05/2026 09:19:11 UTC] [INFO] [SYSTEM] BOOT: Server started on port 3001 (v1.0.0)
[16/05/2026 09:19:34 UTC] [INFO] [SYSTEM] BOOT: Server started on port 3001 (v1.0.0)
[16/05/2026 09:30:18 UTC] [INFO] [SYSTEM] MODULE_PRICING_SYNCED: Synced 5 module rates to pricing table for client 2
[16/05/2026 09:30:18 UTC] [INFO] [SYSTEM] CLIENT_UPDATED: Client EDM updated | Details: {"clientId":2,"status":"active","plan":"Professional"}
[16/05/2026 09:33:34 UTC] [INFO] [SYSTEM] CLIENT_STATUS_TOGGLED: Client 4 status changed to inactive
[16/05/2026 09:33:37 UTC] [INFO] [SYSTEM] CLIENT_STATUS_TOGGLED: Client 1 status changed to inactive
[16/05/2026 09:33:44 UTC] [INFO] [SYSTEM] CLIENT_API_KEY_REGENERATED: API key regenerated for client 1
[16/05/2026 09:33:46 UTC] [INFO] [SYSTEM] MODULE_PRICING_SYNCED: Synced 5 module rates to pricing table for client 1
[16/05/2026 09:33:46 UTC] [INFO] [SYSTEM] CLIENT_UPDATED: Client Default Client updated | Details: {"clientId":1,"status":"inactive","plan":"Professional"}
[16/05/2026 09:37:04 UTC] [INFO] [SYSTEM] BOOT: Server started on port 3001 (v1.0.0)
[16/05/2026 09:37:17 UTC] [INFO] [SYSTEM] BOOT: Server started on port 3001 (v1.0.0)
[16/05/2026 09:38:30 UTC] [INFO] [SYSTEM] BOOT: Server started on port 3001 (v1.0.0)
[16/05/2026 09:38:42 UTC] [INFO] [SYSTEM] BOOT: Server started on port 3001 (v1.0.0)
[16/05/2026 09:39:22 UTC] [INFO] [SYSTEM] BOOT: Server started on port 3001 (v1.0.0)
[16/05/2026 09:39:41 UTC] [INFO] [SYSTEM] BOOT: Server started on port 3001 (v1.0.0)
[16/05/2026 09:41:28 UTC] [INFO] [SYSTEM] BOOT: Server started on port 3001 (v1.0.0)
[16/05/2026 09:41:35 UTC] [INFO] [SYSTEM] BOOT: Server started on port 3001 (v1.0.0)
[16/05/2026 10:03:23 UTC] [INFO] [SYSTEM] BOOT: Server started on port 3001 (v1.0.0)
[16/05/2026 10:06:31 UTC] [INFO] [SYSTEM] MODULE_PRICING_SYNCED: Synced 5 module rates to pricing table for client 2
[16/05/2026 10:06:31 UTC] [INFO] [SYSTEM] CLIENT_UPDATED: Client EDM updated | Details: {"clientId":2,"status":"active","plan":"Professional"}
[16/05/2026 10:06:38 UTC] [INFO] [SYSTEM] MODULE_PRICING_SYNCED: Synced 5 module rates to pricing table for client 2
[16/05/2026 10:06:38 UTC] [INFO] [SYSTEM] CLIENT_UPDATED: Client EDM updated | Details: {"clientId":2,"status":"active","plan":"Professional"}
[16/05/2026 10:09:24 UTC] [INFO] [SYSTEM] BOOT: Server started on port 3001 (v1.0.0)
[16/05/2026 10:14:11 UTC] [INFO] [SYSTEM] BOOT: Server started on port 3001 (v1.0.0)
[16/05/2026 10:14:21 UTC] [INFO] [SYSTEM] BOOT: Server started on port 3001 (v1.0.0)
[16/05/2026 10:26:11 UTC] [INFO] [SYSTEM] BOOT: Server started on port 3001 (v1.0.0)
[16/05/2026 14:15:31 UTC] [INFO] [SYSTEM] BOOT: Server started on port 3001 (v1.0.0)
[16/05/2026 14:15:40 UTC] [INFO] [SYSTEM] BOOT: Server started on port 3001 (v1.0.0)
[16/05/2026 14:31:15 UTC] [INFO] [SYSTEM] BOOT: Server started on port 3001 (v1.0.0)
